// Jest Snapshot v1, https://goo.gl/fbAQLP

exports[`<Button/> should render correctly 1`] = `
<View
  accessible={true}
  collapsable={false}
  focusable={true}
  onBlur={[Function]}
  onClick={[Function]}
  onFocus={[Function]}
  onResponderGrant={[Function]}
  onResponderMove={[Function]}
  onResponderRelease={[Function]}
  onResponderTerminate={[Function]}
  onResponderTerminationRequest={[Function]}
  onStartShouldSetResponder={[Function]}
  style={
    Array [
      Object {
        "alignItems": "center",
        "backgroundColor": "#ffffff",
        "borderRadius": 24,
        "justifyContent": "center",
        "paddingBottom": 16,
        "paddingLeft": 16,
        "paddingRight": 16,
        "paddingTop": 16,
        "width": 160,
      },
    ]
  }
>
  <Text
    style={
      Array [
        Object {
          "color": "#000000",
          "fontSize": 24,
          "fontWeight": "700",
          "letterSpacing": 0,
        },
      ]
    }
  >
    Button test
  </Text>
</View>
`;

exports[`<Button/> should render correctly with props 1`] = `
<View
  accessible={true}
  collapsable={false}
  focusable={true}
  onBlur={[Function]}
  onClick={[Function]}
  onFocus={[Function]}
  onResponderGrant={[Function]}
  onResponderMove={[Function]}
  onResponderRelease={[Function]}
  onResponderTerminate={[Function]}
  onResponderTerminationRequest={[Function]}
  onStartShouldSetResponder={[Function]}
  style={
    Array [
      Object {
        "alignItems": "center",
        "backgroundColor": "#ffffff",
        "borderRadius": 24,
        "justifyContent": "center",
        "paddingBottom": 16,
        "paddingLeft": 16,
        "paddingRight": 16,
        "paddingTop": 16,
        "width": 160,
      },
    ]
  }
>
  <Text
    style={
      Array [
        Object {
          "color": "#000000",
          "fontSize": 24,
          "fontWeight": "700",
          "letterSpacing": 0,
        },
      ]
    }
  >
    Button test
  </Text>
</View>
`;
